2024-08-13 14:55:01 INFO Starting the application
2024-08-13 14:55:03 DEBUG Initializing modules
2024-08-13 14:55:05 INFO Connecting to database
2024-08-13 14:55:06 WARN Database connection is slow
2024-08-13 14:55:08 INFO Database connection established
2024-08-13 14:55:10 INFO Loading user data
2024-08-13 14:55:12 ERROR Failed to load user data
2024-08-13 14:55:14 INFO Retrying to load user data
2024-08-13 14:55:15 INFO User data loaded successfully
2024-08-13 14:55:17 INFO Application is running smoothly
2024-08-13 14:55:20 WARN Memory usage is high
2024-08-13 14:55:23 INFO Memory usage stabilized
2024-08-13 14:55:25 DEBUG Background task started
2024-08-13 14:55:30 INFO Background task completed
2024-08-13 14:55:33 ERROR Unexpected error occurred in module X
2024-08-13 14:55:35 INFO Error handled gracefully
2024-08-13 14:55:38 INFO Application is still running
2024-08-13 14:55:40 DEBUG Checking system health
2024-08-13 14:55:45 INFO System health check completed successfully
2024-08-13 14:55:38 INFO New Entry
2024-08-13 14:55:38 INFO New Entry
2024-08-13 14:55:38 INFO New Entry
2024-08-13 14:55:38 INFO New Entry
